<html>
<body>
<pre>
<h1>礦ision Build Log</h1>
<h2>Tool Versions:</h2>
IDE-Version: μVision V5.39.0.0
Copyright (C) 2023 ARM Ltd and ARM Germany GmbH. All rights reserved.
License Information: 1 hp, 2, LIC=7YKYW-QAB68-WKFB8-3HGEF-N10VF-X1PID
 
Tool Versions:
Toolchain:       MDK-ARM Professional  Version: 5.39.0.0
Toolchain Path:  D:\Keil5\Core\ARM\ARMCLANG\Bin
C Compiler:      ArmClang.exe V6.21
Assembler:       Armasm.exe V6.21
Linker/Locator:  ArmLink.exe V6.21
Library Manager: ArmAr.exe V6.21
Hex Converter:   FromElf.exe V6.21
CPU DLL:         SARMCM3.DLL V5.39.0.0
Dialog DLL:      DCM.DLL V1.17.5.0
Target DLL:      Segger\JL2CM3.dll V2.99.43.0
Dialog DLL:      TCM.DLL V1.56.4.0
 
<h2>Project:</h2>
C:\Users\hp\Desktop\2026_Hero\Hero_gimbal - 副本 - 副本\MDK-ARM\Hero_gimbal.uvprojx
Project File Date:  07/17/2026

<h2>Output:</h2>
*** Using Compiler 'V6.21', folder: 'D:\Keil5\Core\ARM\ARMCLANG\Bin'
*** Warning: You are compiling one or more files of source type C++ and have selected 'use MicroLIB'. MicroLIB does not support C++!
  
Build target 'Hero_gimbal'

FCARM uses the following Files via command file '.\Auto_FcArm_Cmd.inp':
..\user\core\Alg\ChassisCalculation\CalculationBase.hpp,
..\user\core\Alg\ChassisCalculation\OmniCalculation.hpp,
..\user\core\Alg\ChassisCalculation\StringWheel.hpp,
..\user\core\BSP\Motor\MotorBase.hpp,
..\user\core\BSP\Motor\Dji\DjiMotor.hpp,
..\user\core\BSP\RemoteControl\DT7.hpp,
..\user\core\BSP\IMU\HI12_imu.hpp,
..\user\core\BSP\IMU\HI12Base.hpp,
..\user\core\BSP\Motor\LK\Lk_motor.hpp,
..\user\core\HAL\CAN\can_hal.hpp,
..\user\core\HAL\UART\uart_hal.hpp,
..\feeder_fsm\gimbal_fsm.hpp 
TO Hero_gimbal.axf RTE NOPRINT
custom translating @.\Auto_FcArm_Cmd.inp...
Custom: D:\Keil5\Core\ARM\Bin\FCARM.exe @.\Auto_FcArm_Cmd.inp
FCARM FILE CONVERTER V2.59
Completed 12 File(s), Ratio 100%
compiling Hero_gimbal.axf...
compiling uart_bus.cpp...
compiling can_bus.cpp...
linking...
Program Size: Code=98128 RO-data=1544 RW-data=376 ZI-data=50040  
FromELF: creating hex file...
"Hero_gimbal\Hero_gimbal.axf" - 0 Error(s), 0 Warning(s).

<h2>Software Packages used:</h2>

Package Vendor: ARM
                http://www.keil.com/pack/ARM.CMSIS.5.9.0.pack
                ARM::CMSIS@5.9.0
                CMSIS (Common Microcontroller Software Interface Standard)
   * Component: CORE Version: 5.6.0

Package Vendor: Keil
                https://www.keil.com/pack/Keil.STM32F4xx_DFP.3.0.0.pack
                Keil::STM32F4xx_DFP@3.0.0
                STMicroelectronics STM32F4 Series Device Support

<h2>Collection of Component include folders:</h2>
  ./RTE/_Hero_gimbal
  D:/Keil5/Pack/ARM/CMSIS/5.9.0/CMSIS/Core/Include

<h2>Collection of Component Files used:</h2>

   * Component: ARM::CMSIS:CORE@5.6.0
      Include file:  CMSIS/Core/Include/tz_context.h
Build Time Elapsed:  00:00:04
</pre>
</body>
</html>
